// Jest Snapshot v1, https://goo.gl/fbAQLP

exports[`PostReviewSmall should render correctly in "debug" mode 1`] = `
<div
  className="adduser-container-sm"
>
  <div
    className="add-wrapper-sm"
  >
    <i
      className="fas fa-plus"
    />
    <br />
    <div
      className="wantToSee-sm mobile-btn"
      value="+"
    >
      Want to See
    </div>
  </div>
  <div
    className="add-wrapper-sm"
  >
    <i
      className="fas fa-minus"
    />
    <br />
    <div
      className="interested-sm mobile-btn"
      value="-"
    >
      Not Interested
    </div>
  </div>
  <div
    className="add-wrapper-sm"
  >
    <i
      className="fas fa-star"
    />
    <br />
    <div
      className="addrating-sm mobile-btn"
      value="1"
    >
      Add Rating
    </div>
  </div>
</div>
`;
